// Jest Snapshot v1, https://goo.gl/fbAQLP

exports[`AppAnchor renders AppAnchor component 1`] = `
<div
  class="container"
>
  <div
    class="general"
  >
    <div
      class="stars-count"
    >
      <svg
        class="octicon"
        height="16"
        role="presentation"
        version="1.1"
        viewBox="0 0 14 16"
        width="14"
      >
        <path
          d="M14 6l-4.9-.64L7 1 4.9 5.36 0 6l3.6 3.26L2.67 14 7 11.67 11.33 14l-.93-4.74z"
        />
      </svg>
       
      <span>
        4,321
      </span>
    </div>
  </div>
</div>
`;
