// Jest Snapshot v1, https://goo.gl/fbAQLP

exports[`ErrorMessage renders an error message 1`] = `
<div
  id="container"
>
  <span>
    * Failed to fetch stats
  </span>
</div>
`;
