// Jest Snapshot v1, https://goo.gl/fbAQLP

exports[`LoadingIndicator renders a loading indicator 1`] = `
<div
  id="container"
>
  <div
    id="loading"
  >
    <div
      class="line inc"
    />
     
    <div
      class="line dec"
    />
  </div>
</div>
`;
